Type mismatch at ()
Expected a term of type
  'a-5'
But found one of type
  'r-7'