Type mismatch at ()
Expected a term of type
  'a-34'
But found one of type
  'r-36'