<<<<<<< HEAD
12178
=======
11699
>>>>>>> 9a46cae2f9ad5146f3566075447915502cdfcbb7
