Type mismatch at ()
Expected a term of type
  '(con data)'
But found one of type
  '(fun (con unit) r-9)'