/\a -> /\r -> \(f : r -> a -> r) -> (/\a -> /\b -> \(f : (a -> b) -> a -> b) -> (/\a -> \(s : (\a -> ifix (\(self :: * -> *) -> \a -> self a -> a) a) a) -> unwrap s s) {a -> b} (iwrap (\(self :: * -> *) -> \a -> self a -> a) (a -> b) (\(s : (\a -> ifix (\(self :: * -> *) -> \a -> self a -> a) a) (a -> b)) -> \(x : a) -> f ((/\a -> \(s : (\a -> ifix (\(self :: * -> *) -> \a -> self a -> a) a) a) -> unwrap s s) {a -> b} s) x))) {r} {(\a -> ifix (\(list :: * -> *) -> \a -> sop [  ] [ a
                                                                                                                                                                                                                                                                                                                                                                                                                                                                                                    , (list a) ]) a) a -> r} (\(rec : r -> (\a -> ifix (\(list :: * -> *) -> \a -> sop [  ] [ a
                                                                                                                                                                                                                                                                                                                                                                                                                                                                                                                                                                                            , (list a) ]) a) a -> r) -> \(z : r) -> \(xs : (\a -> ifix (\(list :: * -> *) -> \a -> sop [  ] [ a
                                                                                                                                                                                                                                                                                                                                                                                                                                                                                                                                                                                                                                                                                            , (list a) ]) a) a) -> (/\a -> \(x : (\a -> ifix (\(list :: * -> *) -> \a -> sop [  ] [ a
                                                                                                                                                                                                                                                                                                                                                                                                                                                                                                                                                                                                                                                                                                                                                                                  , (list a) ]) a) a) -> /\r -> \(z : r) -> \(f : a -> (\a -> ifix (\(list :: * -> *) -> \a -> sop [  ] [ a
                                                                                                                                                                                                                                                                                                                                                                                                                                                                                                                                                                                                                                                                                                                                                                                                                                                                                        , (list a) ]) a) a -> r) -> case r x [ z
                                                                                                                                                                                                                                                                                                                                                                                                                                                                                                                                                                                                                                                                                                                                                                                                                                                                                                                             , f ]) {a} xs {r} z (\(x : a) -> \(xs' : (\a -> ifix (\(list :: * -> *) -> \a -> sop [  ] [ a
                                                                                                                                                                                                                                                                                                                                                                                                                                                                                                                                                                                                                                                                                                                                                                                                                                                                                                                                                                                                                       , (list a) ]) a) a) -> rec (f z x) xs'))