\a -> ifix (\(list :: * -> *) -> \a -> sop [] [a, (list a)]) a