/\a -> iwrap (\(list :: * -> *) -> \a -> sop [  ] [ a
                                                  , (list a) ]) a (constr ((\a -> ifix (\(list :: * -> *) -> \a -> sop [  ] [ a
                                                                                                                            , (list a) ]) a) a) 0 [  ])