<<<<<<< HEAD
2892
=======
2730
>>>>>>> 9a46cae2f9ad5146f3566075447915502cdfcbb7
