    n     Script size             CPU usage               Memory usage
  ----------------------------------------------------------------------
    0     403   (2.5%)    400002368482 (4000.0%)    400000014102 (2857143.0%) 
   10    2130  (13.0%)  10400596134252 (104006.0%)  10400000343292 (74285716.7%) 
   20    3857  (23.5%)  20401189900022 (204011.9%)  20400000672482 (145714290.5%) 
   30    5584  (34.1%)  30401783665792 (304017.8%)  30400001001672 (217142864.3%) 
   40    7311  (44.6%)  40402377431562 (404023.8%)  40400001330862 (288571438.1%) 
   50    9037  (55.2%)  50402971197332 (504029.7%)  50400001660052 (360000011.9%) 
   60   10764  (65.7%)  60403564963102 (604035.6%)  60400001989242 (431428585.6%) 
   70   12491  (76.2%)  70404158728872 (704041.6%)  70400002318432 (502857159.4%) 
   80   14217  (86.8%)  80404752494642 (804047.5%)  80400002647622 (574285733.2%) 
   90   15944  (97.3%)  90405346260412 (904053.5%)  90400002976812 (645714307.0%) 
  100   17671 (107.9%) 100405940026182 (1004059.4%) 100400003306002 (717142880.8%) 
  110   19398 (118.4%) 110406533791952 (1104065.3%) 110400003635192 (788571454.5%) 
  120   21124 (128.9%) 120407127557722 (1204071.3%) 120400003964382 (860000028.3%) 
  130   22851 (139.5%) 130407721323492 (1304077.2%) 130400004293572 (931428602.1%) 
  140   24578 (150.0%) 140408315089262 (1404083.2%) 140400004622762 (1002857175.9%) 
  150   26305 (160.6%) 150408908855032 (1504089.1%) 150400004951952 (1074285749.7%) 

Off-chain version succeeded on 100 inputs
