({cpu: 102900458 | mem: 419936})
({cpu: 58491469 | mem: 250606})
({cpu: 170705700 | mem: 686976})
({cpu: 58629469 | mem: 251206})
({cpu: 102900458 | mem: 419936})
({cpu: 58491469 | mem: 250606})
({cpu: 170705700 | mem: 686976})
({cpu: 58629469 | mem: 251206})
({cpu: 102900458 | mem: 419936})
({cpu: 59963469 | mem: 257006})
({cpu: 184161894 | mem: 740384})
({cpu: 60101469 | mem: 257606})
({cpu: 102900458 | mem: 419936})
({cpu: 59963469 | mem: 257006})
({cpu: 184161894 | mem: 740384})