({cpu: 6072100 | mem: 26500})
({cpu: 10051100 | mem: 43800})
({cpu: 15730491 | mem: 67202})
({cpu: 18986980 | mem: 80104})
({cpu: 22458371 | mem: 93906})
({cpu: 28359860 | mem: 118308})
({cpu: 38339076 | mem: 159112})
({cpu: 35005685 | mem: 145910})
({cpu: 31611196 | mem: 132408})
({cpu: 33694685 | mem: 140210})
({cpu: 38339510 | mem: 159112})
({cpu: 33832685 | mem: 140810})
({cpu: 31611196 | mem: 132408})
({cpu: 40056174 | mem: 166612})
({cpu: 54225423 | mem: 224318})
({cpu: 54225423 | mem: 224318})
({cpu: 54225423 | mem: 224318})
({cpu: 54225423 | mem: 224318})
({cpu: 54225423 | mem: 224318})
({cpu: 51338469 | mem: 219506})
({cpu: 184161894 | mem: 740384})