/\a ->
  \(xs : list a) ->
    /\r ->
      \(z : r) (f : a -> list a -> r) ->
        caseList
          {a}
          {unit -> r}
          xs
          (\(u : unit) -> z)
          (\(x : a) (xs' : list a) (u : unit) -> f x xs')
          ()