Type mismatch at ()
Expected a term of type
  'a-32'
But found one of type
  '(fun (con unit) r-34)'