all a.
  data ->
  (integer -> list data -> a) ->
  (list (pair data data) -> a) ->
  (list data -> a) ->
  (integer -> a) ->
  (bytestring -> a) ->
  a