({cpu: 4913776735 | mem: 16081070})
({cpu: 2331301382 | mem: 7278268})
({cpu: 3431714753 | mem: 11231254})
({cpu: 1918223822 | mem: 5990004})
({cpu: 3431714753 | mem: 11231254})
({cpu: 1504870262 | mem: 4700540})
({cpu: 1949652771 | mem: 6381438})
({cpu: 1505008262 | mem: 4701140})
({cpu: 3431714753 | mem: 11231254})
({cpu: 1504870262 | mem: 4700540})
({cpu: 1949652771 | mem: 6381438})
({cpu: 1091792702 | mem: 3412276})
({cpu: 1949652771 | mem: 6381438})
({cpu: 678439142 | mem: 2122812})
({cpu: 467590789 | mem: 1531622})