({cpu: 5709808 | mem: 23464})
({cpu: 8795848 | mem: 34220})
({cpu: 12455279 | mem: 46178})
({cpu: 15269497 | mem: 55204})
({cpu: 18367617 | mem: 65430})
({cpu: 23876875 | mem: 83512})
({cpu: 31025860 | mem: 107396})
({cpu: 34310998 | mem: 119052})
({cpu: 37771331 | mem: 130110})
({cpu: 37957212 | mem: 126810})
({cpu: 56342346 | mem: 191328})
({cpu: 47871381 | mem: 156240})
({cpu: 80825699 | mem: 271798})
({cpu: 104681919 | mem: 357262})
({cpu: 111227032 | mem: 371520})
({cpu: 137791981 | mem: 466808})
({cpu: 147541137 | mem: 490494})
({cpu: 163834040 | mem: 545696})
({cpu: 189768014 | mem: 628720})
({cpu: 235773308 | mem: 776020})
({cpu: 467590789 | mem: 1531622})