<<<<<<< HEAD
(constr 0)
=======
({cpu: 334068132
| mem: 1088728})
>>>>>>> 9a46cae2f9ad5146f3566075447915502cdfcbb7
