<<<<<<< HEAD
3119
=======
2745
>>>>>>> 9a46cae2f9ad5146f3566075447915502cdfcbb7
