<<<<<<< HEAD
(constr 0)
=======
({cpu: 107098397
| mem: 349379})
>>>>>>> 9a46cae2f9ad5146f3566075447915502cdfcbb7
