<<<<<<< HEAD
3183
=======
2805
>>>>>>> 9a46cae2f9ad5146f3566075447915502cdfcbb7
