<<<<<<< HEAD
(constr 0)
=======
({cpu: 102033540
| mem: 334168})
>>>>>>> 9a46cae2f9ad5146f3566075447915502cdfcbb7
