<<<<<<< HEAD
(constr 0)
=======
({cpu: 350532621
| mem: 1139171})
>>>>>>> 9a46cae2f9ad5146f3566075447915502cdfcbb7
