[entering obscuredFunction-131, exiting obscuredFunction-131]