[ entering runIdentity-133
, exiting runIdentity-133
, entering newtypeFunction-141
, exiting newtypeFunction-141
, entering `$fFoldableIdentity`-135
, exiting `$fFoldableIdentity`-135 ]