[ entering fact-133
, entering equalsInteger-140
, exiting equalsInteger-140
, entering subtractInteger-157
, exiting subtractInteger-157
, entering fact-133
, entering equalsInteger-140
, exiting equalsInteger-140
, entering subtractInteger-157
, exiting subtractInteger-157
, entering fact-133
, entering equalsInteger-140
, exiting equalsInteger-140
, entering subtractInteger-157
, exiting subtractInteger-157
, entering fact-133
, entering equalsInteger-140
, exiting equalsInteger-140
, entering subtractInteger-157
, exiting subtractInteger-157
, entering fact-133
, entering equalsInteger-140
, exiting equalsInteger-140
, exiting fact-133
, entering multiplyInteger-151
, exiting multiplyInteger-151
, exiting fact-133
, entering multiplyInteger-151
, exiting multiplyInteger-151
, exiting fact-133
, entering multiplyInteger-151
, exiting multiplyInteger-151
, exiting fact-133
, entering multiplyInteger-151
, exiting multiplyInteger-151
, exiting fact-133 ]