[ entering fib-130
, entering equalsInteger-137
, exiting equalsInteger-137
, entering equalsInteger-137
, exiting equalsInteger-137
, entering subtractInteger-158
, exiting subtractInteger-158
, entering fib-130
, entering equalsInteger-137
, exiting equalsInteger-137
, entering equalsInteger-137
, exiting equalsInteger-137
, entering subtractInteger-158
, exiting subtractInteger-158
, entering fib-130
, entering equalsInteger-137
, exiting equalsInteger-137
, entering equalsInteger-137
, exiting equalsInteger-137
, entering subtractInteger-158
, exiting subtractInteger-158
, entering fib-130
, entering equalsInteger-137
, exiting equalsInteger-137
, entering equalsInteger-137
, exiting equalsInteger-137
, exiting fib-130
, entering subtractInteger-158
, exiting subtractInteger-158
, entering fib-130
, entering equalsInteger-137
, exiting equalsInteger-137
, exiting fib-130
, entering addInteger-152
, exiting addInteger-152
, exiting fib-130
, entering subtractInteger-158
, exiting subtractInteger-158
, entering fib-130
, entering equalsInteger-137
, exiting equalsInteger-137
, entering equalsInteger-137
, exiting equalsInteger-137
, exiting fib-130
, entering addInteger-152
, exiting addInteger-152
, exiting fib-130
, entering subtractInteger-158
, exiting subtractInteger-158
, entering fib-130
, entering equalsInteger-137
, exiting equalsInteger-137
, entering equalsInteger-137
, exiting equalsInteger-137
, entering subtractInteger-158
, exiting subtractInteger-158
, entering fib-130
, entering equalsInteger-137
, exiting equalsInteger-137
, entering equalsInteger-137
, exiting equalsInteger-137
, exiting fib-130
, entering subtractInteger-158
, exiting subtractInteger-158
, entering fib-130
, entering equalsInteger-137
, exiting equalsInteger-137
, exiting fib-130
, entering addInteger-152
, exiting addInteger-152
, exiting fib-130
, entering addInteger-152
, exiting addInteger-152
, exiting fib-130 ]