[entering id-131, exiting id-131, entering id-131, exiting id-131]