[ entering f-144
, entering addInteger-138
, exiting addInteger-138
, exiting f-144
, entering f-144
, entering addInteger-138
, exiting addInteger-138
, exiting f-144
, entering addInteger-138
, exiting addInteger-138
, entering multiplyInteger-146
, exiting multiplyInteger-146 ]