[ entering f-145
, entering addInteger-139
, exiting addInteger-139
, exiting f-145
, entering f-145
, entering addInteger-139
, exiting addInteger-139
, exiting f-145
, entering addInteger-139
, exiting addInteger-139 ]