[ entering f-132
, entering equalsInteger-139
, exiting equalsInteger-139
, entering subtractInteger-156
, exiting subtractInteger-156
, entering f-132
, entering equalsInteger-139
, exiting equalsInteger-139
, entering subtractInteger-156
, exiting subtractInteger-156
, entering f-132
, entering equalsInteger-139
, exiting equalsInteger-139
, entering subtractInteger-156
, exiting subtractInteger-156
, entering f-132
, entering equalsInteger-139
, exiting equalsInteger-139
, exiting f-132
, entering addInteger-150
, exiting addInteger-150
, exiting f-132
, entering addInteger-150
, exiting addInteger-150
, exiting f-132
, entering addInteger-150
, exiting addInteger-150
, exiting f-132 ]