[ entering useTypeclass-139
, entering methodA-153
, exiting methodA-153
, entering addInteger-146
, exiting addInteger-146
, entering methodB-164
, exiting methodB-164
, entering subtractInteger-176
, exiting subtractInteger-176
, entering addInteger-146
, exiting addInteger-146
, exiting useTypeclass-139 ]