    n     Script size             CPU usage               Memory usage
  ----------------------------------------------------------------------
    0     448   (2.7%)         4925082   (0.0%)           17762   (0.1%) 
   10    2175  (13.3%)       697850742   (7.0%)          374072   (2.7%) 
   20    3902  (23.8%)      1390776402  (13.9%)          730382   (5.2%) 
   30    5629  (34.4%)      2083702062  (20.8%)         1086692   (7.8%) 
   40    7356  (44.9%)      2776627722  (27.8%)         1443002  (10.3%) 
   50    9082  (55.4%)      3469553382  (34.7%)         1799312  (12.9%) 
   60   10809  (66.0%)      4162479042  (41.6%)         2155622  (15.4%) 
   70   12536  (76.5%)      4855404702  (48.6%)         2511932  (17.9%) 
   80   14262  (87.0%)      5548330362  (55.5%)         2868242  (20.5%) 
   90   15989  (97.6%)      6241256022  (62.4%)         3224552  (23.0%) 
  100   17716 (108.1%)      6934181682  (69.3%)         3580862  (25.6%) 
  110   19443 (118.7%)      7627107342  (76.3%)         3937172  (28.1%) 
  120   21169 (129.2%)      8320033002  (83.2%)         4293482  (30.7%) 
  130   22896 (139.7%)      9012958662  (90.1%)         4649792  (33.2%) 
  140   24623 (150.3%)      9705884322  (97.1%)         5006102  (35.8%) 
  150   26350 (160.8%)     10398809982 (104.0%)         5362412  (38.3%) 

Off-chain version succeeded on 100 inputs
