Type mismatch at ()
Expected a term of type
  'a-70'
But found one of type
  'r-72'